// Jest Snapshot v1, https://goo.gl/fbAQLP

exports[`Button should render correct DOM 1`] = `ShallowWrapper {}`;
